binary_dir =  /opt/v6d/test/../build/bin
Starting /opt/v6d/test/../build/bin/vineyardd... with --size 3221225472 --socket /tmp/vineyard.ci.1655689759.1717517.sock --rpc_socket_port 2059 --etcd_endpoint http://localhost:2048 --etcd_prefix vineyard_test_1655689759.439131
I0620 09:49:19.461257 87056 vineyardd.cc:91] Hello vineyard v0.5.2!
I0620 09:49:19.461751 87056 meta_service.h:136] meta service is starting ...
I0620 09:49:19.463747 87056 etcd_launcher.cc:94] Starting the etcd server
I0620 09:49:19.463794 87056 etcd_launcher.cc:102] Found etcd at: /usr/local/bin/etcd
I0620 09:49:19.465077 87056 etcd_launcher.cc:208] Etcd launched: pid = 87100, listen on 2048
{"level":"info","ts":1655689759.5315154,"caller":"flags/flag.go:113","msg":"recognized and used environment variable","variable-name":"ETCD_LOG_LEVEL","variable-value":"error"}
running test case -*-*-*-*-*-  array_test  -*-*-*-*-*-*-*-
I0620 09:49:21.488476 87056 allocator.cc:69] shmax: 3221225472
I0620 09:49:21.488955 87056 etcd_meta_service.cc:321] start background etcd watch, since 740
I0620 09:49:21.493943 87056 meta_service.h:453] Decide to set rank as 0
I0620 09:49:21.493973 87056 meta_service.h:856] Instance join: 0
I0620 09:49:21.498525 87056 ipc_server.cc:52] Vineyard will listen on "/tmp/vineyard.ci.1655689759.1717517.sock" for IPC
I0620 09:49:21.498562 87056 rpc_server.cc:53] Vineyard will listen on 0.0.0.0:2059 for RPC
I0620 09:49:21.498579 87056 meta_service.h:856] Instance join: 0
WARNING: Logging before InitGoogleLogging() is written to STDERR
I0620 09:49:21.498834 87110 array_test.cc:39] Connected to IPCServer: /tmp/vineyard.ci.1655689759.1717517.sock
I0620 09:49:21.499768 87110 array_test.cc:47] successfully sealed, o00012f6544de9785 ...
I0620 09:49:21.505954 87110 array_test.cc:53] successfully persisted...
I0620 09:49:21.507342 87110 array_test.cc:60] successfully obtained...
I0620 09:49:21.507383 87110 array_test.cc:69] Passed double array tests...
running test case -*-*-*-*-*-  array_two_clients_test  -*-*-*-*-*-*-*-
WARNING: Logging before InitGoogleLogging() is written to STDERR
I0620 09:49:22.627032 87123 array_two_clients_test.cc:39] Connected to IPCServer: /tmp/vineyard.ci.1655689759.1717517.sock
I0620 09:49:22.627864 87123 array_two_clients_test.cc:47] successfully sealed, o00012f65cad098fd ...
I0620 09:49:22.632517 87123 array_two_clients_test.cc:53] successfully persisted...
I0620 09:49:22.636318 87123 array_two_clients_test.cc:64] successfully obtained...
I0620 09:49:22.636384 87123 array_two_clients_test.cc:73] Passed double array tests under two clients...
running test case -*-*-*-*-*-  arrow_data_structure_test  -*-*-*-*-*-*-*-
WARNING: Logging before InitGoogleLogging() is written to STDERR
I0620 09:49:23.770397 87130 arrow_data_structure_test.cc:40] Connected to IPCServer: /tmp/vineyard.ci.1655689759.1717517.sock
I0620 09:49:23.770470 87130 arrow_data_structure_test.cc:43] #########  Int64 Test #############
I0620 09:49:23.782035 87130 arrow_data_structure_test.cc:76] Passed int64 array wrapper tests...
I0620 09:49:23.782115 87130 arrow_data_structure_test.cc:80] #########  Double Test #############
I0620 09:49:23.791924 87130 arrow_data_structure_test.cc:98] Passed double array wrapper tests...
I0620 09:49:23.791985 87130 arrow_data_structure_test.cc:102] #########  Binary Array Test ##########
I0620 09:49:23.801833 87130 arrow_data_structure_test.cc:161] Passed binary array wrapper tests...
I0620 09:49:23.801928 87130 arrow_data_structure_test.cc:165] #########  String Array Test ########
I0620 09:49:23.811654 87130 arrow_data_structure_test.cc:191] Passed string array wrapper tests...
I0620 09:49:23.811722 87130 arrow_data_structure_test.cc:195] ######### Large String Array Test ######
I0620 09:49:23.821838 87130 arrow_data_structure_test.cc:222] Passed large string array wrapper tests...
I0620 09:49:23.821916 87130 arrow_data_structure_test.cc:226] #########  Boolean Test #############
I0620 09:49:23.829514 87130 arrow_data_structure_test.cc:259] Passed boolean array wrapper tests...
I0620 09:49:23.829572 87130 arrow_data_structure_test.cc:263] ######### List Array Test ######
I0620 09:49:23.843044 87130 arrow_data_structure_test.cc:293] Passed list array wrapper tests...
I0620 09:49:23.843128 87130 arrow_data_structure_test.cc:297] ######### Large List Array Test ######
I0620 09:49:23.855373 87130 arrow_data_structure_test.cc:328] Passed large list array wrapper tests...
I0620 09:49:23.855470 87130 arrow_data_structure_test.cc:332] #########  Record Batch Test #######
I0620 09:49:23.872417 87130 arrow_data_structure_test.cc:375] #########  Record Batch Extender Test #######
I0620 09:49:23.889225 87130 arrow_data_structure_test.cc:396] Passed record batch wrapper tests...
I0620 09:49:23.889504 87130 arrow_data_structure_test.cc:400] #########  Table Test #############
I0620 09:49:23.902899 87130 arrow_data_structure_test.cc:431] #########  Table Extender Test #############
I0620 09:49:23.914851 87130 arrow_data_structure_test.cc:450] Passed Table wrapper tests...
running test case -*-*-*-*-*-  clear_test  -*-*-*-*-*-*-*-
WARNING: Logging before InitGoogleLogging() is written to STDERR
I0620 09:49:25.065712 87150 clear_test.cc:39] Connected to IPCServer: /tmp/vineyard.ci.1655689759.1717517.sock
I0620 09:49:25.069514 87150 clear_test.cc:47] successfully sealed, o00012f66eca6f207 ...
I0620 09:49:25.089906 87150 clear_test.cc:67] Passed clear tests...
running test case -*-*-*-*-*-  custom_vector_test  -*-*-*-*-*-*-*-
WARNING: Logging before InitGoogleLogging() is written to STDERR
I0620 09:49:26.217787 87157 custom_vector_test.cc:117] Connected to IPCServer: /tmp/vineyard.ci.1655689759.1717517.sock
element at 0 is: 1
element at 1 is: 2
element at 2 is: 3
I0620 09:49:26.220479 87157 custom_vector_test.cc:132] Passed custom vector tests...
running test case -*-*-*-*-*-  dataframe_test  -*-*-*-*-*-*-*-
WARNING: Logging before InitGoogleLogging() is written to STDERR
I0620 09:49:27.344957 87163 dataframe_test.cc:39] Connected to IPCServer: /tmp/vineyard.ci.1655689759.1717517.sock
I0620 09:49:27.358889 87163 dataframe_test.cc:152] Passed dataframe tests...
running test case -*-*-*-*-*-  deep_copy_test  -*-*-*-*-*-*-*-
WARNING: Logging before InitGoogleLogging() is written to STDERR
I0620 09:49:28.484535 87170 deep_copy_test.cc:39] Connected to IPCServer: /tmp/vineyard.ci.1655689759.1717517.sock
I0620 09:49:28.509022 87174 vineyard_migrate.cc:119] Starting server for migration ...
{
    "buffer_": {
        "id": "o80007f82e3fffac0",
        "instance_id": 0,
        "length": 0,
        "nbytes": 0,
        "transient": true,
        "typename": "vineyard::Blob"
    },
    "id": "o00012f688252e90a",
    "instance_id": 0,
    "nbytes": 40,
    "signature": 333600886294948,
    "size_": 5,
    "transient": false,
    "typename": "vineyard::Array<double>"
}
I0620 09:49:28.518872 87174 vineyard_migrate.cc:81] The server finishes its job, exit normally
I0620 09:49:28.519418 87113 socket_server.cc:61] No dependent objects, conn_id: 0, status: Invalid: connection not exist.
Deep copied object id: 333600940370319
I0620 09:49:28.534343 87170 deep_copy_test.cc:67] Passed deep copy tests...
running test case -*-*-*-*-*-  delete_test  -*-*-*-*-*-*-*-
WARNING: Logging before InitGoogleLogging() is written to STDERR
I0620 09:49:29.668648 87185 delete_test.cc:46] Connected to IPCServer: /tmp/vineyard.ci.1655689759.1717517.sock
I0620 09:49:29.670806 87185 delete_test.cc:76] delete id = o00012f690edf99ed, blob id = o80007f82e3fffac0
I0620 09:49:29.680639 87185 delete_test.cc:110] deep deletion id = o00012f690f6e8ffd, blob id = o80007f82e3fffac0
I0620 09:49:29.729429 87185 delete_test.cc:229] deep deletion id = o00012f6915279099, blob id = o80007f82e3fffb40
I0620 09:49:29.743690 87185 delete_test.cc:249] deep deletion OK
I0620 09:49:29.754153 87185 delete_test.cc:263] multiple deletion id = o00012f6917d2a491, blob id = o80007f82e3fffb40
I0620 09:49:29.770831 87185 delete_test.cc:327] nest deletion id = o00012f691adc507d
I0620 09:49:29.772606 87185 delete_test.cc:338] Passed delete tests...
running test case -*-*-*-*-*-  get_wait_test  -*-*-*-*-*-*-*-
WARNING: Logging before InitGoogleLogging() is written to STDERR
I0620 09:49:30.912063 87203 get_wait_test.cc:69] Connected to IPCServer: /tmp/vineyard.ci.1655689759.1717517.sock
I0620 09:49:30.912181 87202 get_wait_test.cc:44] Connected to IPCServer: /tmp/vineyard.ci.1655689759.1717517.sock
E0620 09:49:30.914052 87056 socket_server.cc:878] Failed to get name: Object not exists: failed to find name: xxx_get_wait_test_name1
I0620 09:49:30.916072 87113 socket_server.cc:61] No dependent objects, conn_id: 11, status: Invalid: connection not exist.
I0620 09:49:35.953873 87113 socket_server.cc:61] No dependent objects, conn_id: 12, status: Invalid: connection not exist.
I0620 09:49:35.954353 87207 get_wait_test.cc:111] Connected to IPCServer: /tmp/vineyard.ci.1655689759.1717517.sock
I0620 09:49:35.954421 87206 get_wait_test.cc:87] Connected to IPCServer: /tmp/vineyard.ci.1655689759.1717517.sock
I0620 09:49:40.967587 87114 socket_server.cc:61] No dependent objects, conn_id: 13, status: Invalid: connection not exist.
I0620 09:49:40.970088 87114 socket_server.cc:61] No dependent objects, conn_id: 14, status: Invalid: connection not exist.
I0620 09:49:40.969965 87200 get_wait_test.cc:123] Passed get-wait name tests...
running test case -*-*-*-*-*-  get_object_test  -*-*-*-*-*-*-*-
WARNING: Logging before InitGoogleLogging() is written to STDERR
I0620 09:49:42.112838 87214 get_object_test.cc:39] Connected to IPCServer: /tmp/vineyard.ci.1655689759.1717517.sock
I0620 09:49:42.127959 87214 get_object_test.cc:86] Passed various ways to get object tests...
running test case -*-*-*-*-*-  global_object_test  -*-*-*-*-*-*-*-
WARNING: Logging before InitGoogleLogging() is written to STDERR
I0620 09:49:43.278898 87220 global_object_test.cc:198] Connected to IPCServer: /tmp/vineyard.ci.1655689759.1717517.sock
I0620 09:49:43.353420 87220 global_object_test.cc:134] delete global dataframe id: 333630478317911: o00012f6f66257957
I0620 09:49:43.387079 87220 global_object_test.cc:171] delete dataframe chunk id: 333630520283531: o00012f6f68a5d18b
I0620 09:49:43.390239 87220 global_object_test.cc:179] delete dataframe chunk id with deep: 333630520283531: o00012f6f68a5d18b
I0620 09:49:43.400104 87220 global_object_test.cc:206] Passed global object tests...
running test case -*-*-*-*-*-  hashmap_test  -*-*-*-*-*-*-*-
WARNING: Logging before InitGoogleLogging() is written to STDERR
I0620 09:49:44.534099 87236 hashmap_test.cc:40] Connected to IPCServer: /tmp/vineyard.ci.1655689759.1717517.sock
I0620 09:49:44.550004 87236 hashmap_test.cc:58] hashmap id: 333632857744829
I0620 09:49:44.552757 87236 hashmap_test.cc:65] after check size...
I0620 09:49:44.552819 87236 hashmap_test.cc:72] Passed double hashmap tests...
running test case -*-*-*-*-*-  id_test  -*-*-*-*-*-*-*-
WARNING: Logging before InitGoogleLogging() is written to STDERR
I0620 09:49:45.673995 87243 id_test.cc:27] 9223466419397529984
I0620 09:49:45.674078 87243 id_test.cc:30] 333635125742251
running test case -*-*-*-*-*-  invalid_connect_test  -*-*-*-*-*-*-*-
WARNING: Logging before InitGoogleLogging() is written to STDERR
I0620 09:49:46.808282 87248 invalid_connect_test.cc:45] Connected to IPCServer: /tmp/vineyard.ci.1655689759.1717517.sock
I0620 09:49:46.808377 87248 invalid_connect_test.cc:47] ipc socket is: /tmp/vineyard.ci.1655689759.1717517.sock
I0620 09:49:46.808383 87248 invalid_connect_test.cc:48] rpc endpoint is: ubuntu:2059
I0620 09:49:46.808658 87248 invalid_connect_test.cc:52] Connected to RPCServer: 127.0.0.1:2059
I0620 09:49:46.808665 87248 invalid_connect_test.cc:54] ipc socket is: /tmp/vineyard.ci.1655689759.1717517.sock
I0620 09:49:46.808668 87248 invalid_connect_test.cc:55] rpc endpoint is: ubuntu:2059
I0620 09:49:46.808671 87248 invalid_connect_test.cc:62] Assertion failed: !connected_ || ipc_socket == ipc_socket_
I0620 09:49:46.808676 87248 invalid_connect_test.cc:69] Assertion failed: !connected_ || ipc_socket == ipc_socket_
I0620 09:49:46.808677 87248 invalid_connect_test.cc:76] Assertion failed: !connected_ || ipc_socket == ipc_socket_
I0620 09:49:46.809232 87248 invalid_connect_test.cc:83] main + 0x803
__libc_start_main + 0xF3
_start + 0x2E
main + 0x95A
I0620 09:49:46.809628 87248 invalid_connect_test.cc:86] 0x000055F92699BFA4: (SP:0x00007FFF726C7D20) main + 0x8B4

0x00007F195C1BE083: (SP:0x00007FFF726C8280) __libc_start_main + 0xF3

0x000055F92699C82E: (SP:0x00007FFF726C8350) _start + 0x2E

__libc_start_main + 0xF3
_start + 0x2E
0x000055F92699C056: (SP:0x00007FFF726C7D20) main + 0x966

I0620 09:49:46.810802 87113 socket_server.cc:61] No dependent objects, conn_id: 18, status: Invalid: connection not exist.
I0620 09:49:46.810570 87248 invalid_connect_test.cc:92] Passed invalid connect tests...
0x00007F195C1BE083: (SP:0x00007FFF726C8280) __libc_start_main + 0xF3

0x000055F92699C82E: (SP:0x00007FFF726C8350) _start + 0x2E

I0620 09:49:46.810814 87114 socket_server.cc:61] No dependent objects, conn_id: 1, status: Invalid: connection not exist.
running test case -*-*-*-*-*-  large_meta_test  -*-*-*-*-*-*-*-
WARNING: Logging before InitGoogleLogging() is written to STDERR
I0620 09:49:47.950343 87254 large_meta_test.cc:42] Connected to IPCServer: /tmp/vineyard.ci.1655689759.1717517.sock
I0620 09:49:58.196645 87254 large_meta_test.cc:68] Passed large metadata tests...
running test case -*-*-*-*-*-  list_object_test  -*-*-*-*-*-*-*-
WARNING: Logging before InitGoogleLogging() is written to STDERR
I0620 09:49:59.487481 87261 list_object_test.cc:39] Connected to IPCServer: /tmp/vineyard.ci.1655689759.1717517.sock
I0620 09:49:59.496891 87261 list_object_test.cc:48] Finish building a tensor
I0620 09:49:59.498283 87261 list_object_test.cc:53] Passed list objects tests...
running test case -*-*-*-*-*-  name_test  -*-*-*-*-*-*-*-
WARNING: Logging before InitGoogleLogging() is written to STDERR
I0620 09:50:00.622833 87268 name_test.cc:31] Connected to IPCServer: /tmp/vineyard.ci.1655689759.1717517.sock
E0620 09:50:00.628309 87056 socket_server.cc:857] Failed to put name: Object not exists: failed to put name: object o00012f776a0e2b04 doesn't exist
E0620 09:50:00.637395 87056 socket_server.cc:857] Failed to put name: Invalid: blobs cannot have name
E0620 09:50:00.651507 87056 socket_server.cc:857] Failed to put name: Invalid: transient objects cannot have name, please persist it first
I0620 09:50:00.668071 87268 name_test.cc:64] check existing name success
E0620 09:50:00.668936 87056 socket_server.cc:878] Failed to get name: Object not exists: failed to find name: test_name2
I0620 09:50:00.669063 87268 name_test.cc:76] check non-existing name success
I0620 09:50:00.673712 87056 socket_server.cc:893] drop name callback: OK
E0620 09:50:00.674352 87056 socket_server.cc:878] Failed to get name: Object not exists: failed to find name: test_name
I0620 09:50:00.674458 87268 name_test.cc:82] check drop name success
I0620 09:50:00.674721 87268 name_test.cc:88] Passed name test...
I0620 09:50:00.674831 87114 socket_server.cc:61] No dependent objects, conn_id: 21, status: Invalid: connection not exist.
running test case -*-*-*-*-*-  persist_test  -*-*-*-*-*-*-*-
WARNING: Logging before InitGoogleLogging() is written to STDERR
I0620 09:50:01.800825 87280 persist_test.cc:39] Connected to IPCServer: /tmp/vineyard.ci.1655689759.1717517.sock
I0620 09:50:01.818789 87280 persist_test.cc:67] Passed persist tests...
running test case -*-*-*-*-*-  plasma_test  -*-*-*-*-*-*-*-
I0620 09:50:02.956815 87114 vineyard_runner.cc:104] Vineyard creates a new session with SessionID = S00012f787f292088
I0620 09:50:02.956969 87114 meta_service.h:136] meta service is starting ...
I0620 09:50:02.958720 87114 allocator.cc:69] shmax: 3220557824
W0620 09:50:02.958784 87114 allocator.cc:71] The 'size' is greater than the maximum shared memory size (3220557824)
W0620 09:50:02.958876 87114 allocator.cc:74] 
W0620 09:50:02.958914 87114 allocator.cc:75]     If you are inside a Docker container, please pass the argument '--shm-size' when 'docker run'.
W0620 09:50:02.958920 87114 allocator.cc:78] 
I0620 09:50:02.966550 87056 etcd_meta_service.cc:321] start background etcd watch, since 983
I0620 09:50:02.973426 87056 meta_service.h:453] Decide to set rank as 0
I0620 09:50:02.973464 87056 meta_service.h:856] Instance join: 0
I0620 09:50:02.974321 87056 meta_service.h:856] Instance join: 0
I0620 09:50:02.975759 87056 ipc_server.cc:52] Vineyard will listen on "/tmp/vineyard.ci.1655689759.1717517.sock.S00012f787f292088" for IPC
I0620 09:50:02.976240 87113 socket_server.cc:61] No dependent objects, conn_id: 23, status: Invalid: connection not exist.
WARNING: Logging before InitGoogleLogging() is written to STDERR
I0620 09:50:02.976354 87289 plasma_test.cc:112] Connected to IPCServer(PlasmaBulkStore): /tmp/vineyard.ci.1655689759.1717517.sock.S00012f787f292088
I0620 09:50:02.979777 87289 plasma_test.cc:118] Generated test data 64
I0620 09:50:03.007589 87289 plasma_test.cc:125] Finish all the get request... 
I0620 09:50:03.021873 87289 plasma_test.cc:130] Passed plasma create/get test...
I0620 09:50:03.022734 87073 etcd_meta_service.cc:343] Watcher stopped, as cancelled: true
I0620 09:50:03.023048 87114 vineyard_runner.cc:116] Delete session : S00012f787f292088
I0620 09:50:03.023154 87113 vineyard_runner.cc:104] Vineyard creates a new session with SessionID = S00012f788708e3b6
I0620 09:50:03.023244 87113 meta_service.h:136] meta service is starting ...
I0620 09:50:03.025321 87056 etcd_meta_service.cc:321] start background etcd watch, since 986
I0620 09:50:03.028931 87056 meta_service.h:453] Decide to set rank as 0
I0620 09:50:03.028985 87056 meta_service.h:856] Instance join: 0
I0620 09:50:03.029948 87113 allocator.cc:69] shmax: 3220541440
W0620 09:50:03.030433 87113 allocator.cc:71] The 'size' is greater than the maximum shared memory size (3220541440)
W0620 09:50:03.032352 87113 allocator.cc:74] 
W0620 09:50:03.032382 87113 allocator.cc:75]     If you are inside a Docker container, please pass the argument '--shm-size' when 'docker run'.
W0620 09:50:03.032394 87113 allocator.cc:78] 
I0620 09:50:03.041241 87056 ipc_server.cc:52] Vineyard will listen on "/tmp/vineyard.ci.1655689759.1717517.sock.S00012f788708e3b6" for IPC
I0620 09:50:03.041371 87056 meta_service.h:856] Instance join: 0
I0620 09:50:03.043747 87114 socket_server.cc:61] No dependent objects, conn_id: 24, status: Invalid: connection not exist.
I0620 09:50:03.043926 87289 plasma_test.cc:138] Connected to IPCServer(PlasmaBulkStore): /tmp/vineyard.ci.1655689759.1717517.sock.S00012f788708e3b6
E0620 09:50:03.044307 87114 socket_server.cc:1145] Unexpected error occurs during message handling: Object not sealed: 
I0620 09:50:03.044387 87289 plasma_test.cc:83] status should be not sealed: Object not sealed: 
I0620 09:50:03.044888 87086 etcd_meta_service.cc:343] Watcher stopped, as cancelled: true
I0620 09:50:03.044909 87113 vineyard_runner.cc:104] Vineyard creates a new session with SessionID = S00012f78899c2eeb
I0620 09:50:03.044931 87114 vineyard_runner.cc:116] Delete session : S00012f788708e3b6
I0620 09:50:03.045004 87113 meta_service.h:136] meta service is starting ...
I0620 09:50:03.047143 87113 allocator.cc:69] shmax: 3220541440
W0620 09:50:03.047192 87113 allocator.cc:71] The 'size' is greater than the maximum shared memory size (3220541440)
W0620 09:50:03.047281 87113 allocator.cc:74] 
W0620 09:50:03.047292 87113 allocator.cc:75]     If you are inside a Docker container, please pass the argument '--shm-size' when 'docker run'.
W0620 09:50:03.047298 87113 allocator.cc:78] 
I0620 09:50:03.054040 87056 etcd_meta_service.cc:321] start background etcd watch, since 989
I0620 09:50:03.058676 87056 meta_service.h:453] Decide to set rank as 0
I0620 09:50:03.058743 87056 meta_service.h:856] Instance join: 0
I0620 09:50:03.066938 87056 ipc_server.cc:52] Vineyard will listen on "/tmp/vineyard.ci.1655689759.1717517.sock.S00012f78899c2eeb" for IPC
I0620 09:50:03.067044 87056 meta_service.h:856] Instance join: 0
I0620 09:50:03.068395 87114 socket_server.cc:61] No dependent objects, conn_id: 25, status: Invalid: connection not exist.
I0620 09:50:03.068725 87289 plasma_test.cc:150] Connected to IPCServer(PlasmaBulkStore): /tmp/vineyard.ci.1655689759.1717517.sock
I0620 09:50:03.069902 87289 plasma_test.cc:154] Passed cross connection test... 
I0620 09:50:03.070453 87114 socket_server.cc:61] No dependent objects, conn_id: 1, status: Invalid: connection not exist.
I0620 09:50:03.070693 87113 socket_server.cc:61] No dependent objects, conn_id: 0, status: Invalid: connection not exist.
I0620 09:50:03.071278 87114 vineyard_runner.cc:104] Vineyard creates a new session with SessionID = S00012f788cc058c6
I0620 09:50:03.071446 87114 meta_service.h:136] meta service is starting ...
I0620 09:50:03.071839 87060 etcd_meta_service.cc:343] Watcher stopped, as cancelled: true
I0620 09:50:03.072964 87114 allocator.cc:69] shmax: 3220541440
W0620 09:50:03.072991 87114 allocator.cc:71] The 'size' is greater than the maximum shared memory size (3220541440)
W0620 09:50:03.073048 87114 allocator.cc:74] 
W0620 09:50:03.073060 87114 allocator.cc:75]     If you are inside a Docker container, please pass the argument '--shm-size' when 'docker run'.
W0620 09:50:03.073066 87114 allocator.cc:78] 
I0620 09:50:03.082252 87056 etcd_meta_service.cc:321] start background etcd watch, since 992
I0620 09:50:03.083597 87113 vineyard_runner.cc:116] Delete session : S00012f78899c2eeb
I0620 09:50:03.085415 87056 meta_service.h:453] Decide to set rank as 0
I0620 09:50:03.085449 87056 meta_service.h:856] Instance join: 0
I0620 09:50:03.088698 87056 ipc_server.cc:52] Vineyard will listen on "/tmp/vineyard.ci.1655689759.1717517.sock.S00012f788cc058c6" for IPC
I0620 09:50:03.088781 87056 meta_service.h:856] Instance join: 0
I0620 09:50:03.088974 87114 socket_server.cc:61] No dependent objects, conn_id: 26, status: Invalid: connection not exist.
I0620 09:50:03.089040 87289 plasma_test.cc:162] Connected to IPCServer(NormalBulkStore): /tmp/vineyard.ci.1655689759.1717517.sock
I0620 09:50:03.089195 87289 plasma_test.cc:166] Passed cross connection test... 
I0620 09:50:03.092069 87073 etcd_meta_service.cc:343] Watcher stopped, as cancelled: true
I0620 09:50:03.092276 87113 vineyard_runner.cc:116] Delete session : S00012f788cc058c6
running test case -*-*-*-*-*-  release_test  -*-*-*-*-*-*-*-
WARNING: Logging before InitGoogleLogging() is written to STDERR
I0620 09:50:04.240082 87303 release_test.cc:47] Connected to IPCServer: /tmp/vineyard.ci.1655689759.1717517.sock
I0620 09:50:09.267591 87303 release_test.cc:123] Passed release tests...
I0620 09:50:09.268774 87114 socket_server.cc:61] No dependent objects, conn_id: 28, status: Invalid: connection not exist.
running test case -*-*-*-*-*-  rpc_delete_test  -*-*-*-*-*-*-*-
WARNING: Logging before InitGoogleLogging() is written to STDERR
I0620 09:50:10.412863 87309 rpc_delete_test.cc:48] Connected to IPCServer: /tmp/vineyard.ci.1655689759.1717517.sock
I0620 09:50:10.414520 87309 rpc_delete_test.cc:52] Connected to RPCServer: 127.0.0.1:2059
I0620 09:50:10.683066 87309 rpc_delete_test.cc:331] Passed delete with rpc tests...
I0620 09:50:10.683326 87113 socket_server.cc:61] No dependent objects, conn_id: 2, status: Invalid: connection not exist.
running test case -*-*-*-*-*-  rpc_get_object_test  -*-*-*-*-*-*-*-
WARNING: Logging before InitGoogleLogging() is written to STDERR
I0620 09:50:11.824810 87324 rpc_get_object_test.cc:41] Connected to IPCServer: /tmp/vineyard.ci.1655689759.1717517.sock
I0620 09:50:11.825157 87324 rpc_get_object_test.cc:45] Connected to RPCServer: 127.0.0.1:2059
I0620 09:50:11.843045 87113 socket_server.cc:61] No dependent objects, conn_id: 3, status: Invalid: connection not exist.
I0620 09:50:11.842617 87324 rpc_get_object_test.cc:106] Passed various ways to get object with rpc tests...
running test case -*-*-*-*-*-  rpc_test  -*-*-*-*-*-*-*-
WARNING: Logging before InitGoogleLogging() is written to STDERR
I0620 09:50:12.975746 87330 rpc_test.cc:41] Connected to IPCServer: /tmp/vineyard.ci.1655689759.1717517.sock
I0620 09:50:12.976219 87330 rpc_test.cc:45] Connected to RPCServer: 127.0.0.1:2059
I0620 09:50:12.987035 87113 socket_server.cc:61] No dependent objects, conn_id: 4, status: Invalid: connection not exist.
I0620 09:50:12.986651 87330 rpc_test.cc:62] Passed rpc client tests...
running test case -*-*-*-*-*-  scalar_test  -*-*-*-*-*-*-*-
WARNING: Logging before InitGoogleLogging() is written to STDERR
I0620 09:50:14.133093 87337 scalar_test.cc:40] Connected to IPCServer: /tmp/vineyard.ci.1655689759.1717517.sock
I0620 09:50:14.154381 87337 scalar_test.cc:78] Passed scalar tests...
I0620 09:50:14.154531 87113 socket_server.cc:61] No dependent objects, conn_id: 32, status: Invalid: connection not exist.
running test case -*-*-*-*-*-  sequence_test  -*-*-*-*-*-*-*-
WARNING: Logging before InitGoogleLogging() is written to STDERR
I0620 09:50:15.290083 87346 sequence_test.cc:43] Connected to IPCServer: /tmp/vineyard.ci.1655689759.1717517.sock
I0620 09:50:15.307085 87346 sequence_test.cc:81] Passed tuple tests...
running test case -*-*-*-*-*-  server_status_test  -*-*-*-*-*-*-*-
WARNING: Logging before InitGoogleLogging() is written to STDERR
I0620 09:50:16.452755 87353 server_status_test.cc:41] Connected to IPCServer: /tmp/vineyard.ci.1655689759.1717517.sock
I0620 09:50:16.454855 87113 socket_server.cc:61] No dependent objects, conn_id: 34, status: Invalid: connection not exist.
I0620 09:50:16.454667 87353 server_status_test.cc:60] Passed server status tests...
running test case -*-*-*-*-*-  session_test  -*-*-*-*-*-*-*-
I0620 09:50:17.590996 87113 vineyard_runner.cc:104] Vineyard creates a new session with SessionID = S00012f7f48b21dd8
I0620 09:50:17.591148 87113 meta_service.h:136] meta service is starting ...
I0620 09:50:17.592921 87113 allocator.cc:69] shmax: 3220541440
W0620 09:50:17.592936 87113 allocator.cc:71] The 'size' is greater than the maximum shared memory size (3220541440)
W0620 09:50:17.593430 87113 allocator.cc:74] 
I0620 09:50:17.593559 87056 etcd_meta_service.cc:321] start background etcd watch, since 1037
W0620 09:50:17.593576 87113 allocator.cc:75]     If you are inside a Docker container, please pass the argument '--shm-size' when 'docker run'.
W0620 09:50:17.594146 87113 allocator.cc:78] 
I0620 09:50:17.604528 87056 meta_service.h:453] Decide to set rank as 0
I0620 09:50:17.604576 87056 meta_service.h:856] Instance join: 0
I0620 09:50:17.606688 87056 ipc_server.cc:52] Vineyard will listen on "/tmp/vineyard.ci.1655689759.1717517.sock.S00012f7f48b21dd8" for IPC
I0620 09:50:17.606843 87056 meta_service.h:856] Instance join: 0
I0620 09:50:17.607090 87114 socket_server.cc:61] No dependent objects, conn_id: 35, status: Invalid: connection not exist.
WARNING: Logging before InitGoogleLogging() is written to STDERR
I0620 09:50:17.607262 87359 session_test.cc:40] Connected to IPCServer: /tmp/vineyard.ci.1655689759.1717517.sock.S00012f7f48b21dd8
I0620 09:50:17.610324 87359 session_test.cc:55] Passed session creat/get test...
I0620 09:50:17.610376 87359 session_test.cc:58] Disconnected from IPCServer: /tmp/vineyard.ci.1655689759.1717517.sock.S00012f7f48b21dd8
I0620 09:50:17.610772 87113 vineyard_runner.cc:104] Vineyard creates a new session with SessionID = S00012f7f4b0c3e7f
I0620 09:50:17.610894 87113 meta_service.h:136] meta service is starting ...
I0620 09:50:17.615945 87113 allocator.cc:69] shmax: 3220541440
W0620 09:50:17.615998 87113 allocator.cc:71] The 'size' is greater than the maximum shared memory size (3220541440)
W0620 09:50:17.616094 87113 allocator.cc:74] 
W0620 09:50:17.616106 87113 allocator.cc:75]     If you are inside a Docker container, please pass the argument '--shm-size' when 'docker run'.
W0620 09:50:17.616113 87113 allocator.cc:78] 
I0620 09:50:17.621620 87056 etcd_meta_service.cc:321] start background etcd watch, since 1040
I0620 09:50:17.625998 87056 meta_service.h:453] Decide to set rank as 0
I0620 09:50:17.626030 87056 meta_service.h:856] Instance join: 0
I0620 09:50:17.634034 87056 ipc_server.cc:52] Vineyard will listen on "/tmp/vineyard.ci.1655689759.1717517.sock.S00012f7f4b0c3e7f" for IPC
I0620 09:50:17.634155 87056 meta_service.h:856] Instance join: 0
I0620 09:50:17.634408 87114 socket_server.cc:61] No dependent objects, conn_id: 36, status: Invalid: connection not exist.
I0620 09:50:17.634686 87114 vineyard_runner.cc:104] Vineyard creates a new session with SessionID = S00012f7f4de3e131
I0620 09:50:17.634778 87114 meta_service.h:136] meta service is starting ...
I0620 09:50:17.636373 87114 allocator.cc:69] shmax: 3220541440
W0620 09:50:17.636386 87114 allocator.cc:71] The 'size' is greater than the maximum shared memory size (3220541440)
W0620 09:50:17.636437 87114 allocator.cc:74] 
W0620 09:50:17.636447 87114 allocator.cc:75]     If you are inside a Docker container, please pass the argument '--shm-size' when 'docker run'.
W0620 09:50:17.636453 87114 allocator.cc:78] 
I0620 09:50:17.643780 87056 etcd_meta_service.cc:321] start background etcd watch, since 1043
I0620 09:50:17.649914 87056 meta_service.h:453] Decide to set rank as 0
I0620 09:50:17.649961 87056 meta_service.h:856] Instance join: 0
I0620 09:50:17.651111 87056 meta_service.h:856] Instance join: 0
I0620 09:50:17.652091 87056 ipc_server.cc:52] Vineyard will listen on "/tmp/vineyard.ci.1655689759.1717517.sock.S00012f7f4de3e131" for IPC
I0620 09:50:17.652410 87113 socket_server.cc:61] No dependent objects, conn_id: 37, status: Invalid: connection not exist.
I0620 09:50:17.652491 87359 session_test.cc:65] Connected to IPCServer: /tmp/vineyard.ci.1655689759.1717517.sock.S00012f7f4b0c3e7f
I0620 09:50:17.654435 87359 session_test.cc:82] Passed session shallow copy test1 ...
I0620 09:50:17.654599 87098 etcd_meta_service.cc:343] Watcher stopped, as cancelled: true
I0620 09:50:17.654644 87359 session_test.cc:85] Closed session: /tmp/vineyard.ci.1655689759.1717517.sock.S00012f7f4b0c3e7f
I0620 09:50:17.654850 87359 session_test.cc:87] Closed session: /tmp/vineyard.ci.1655689759.1717517.sock.S00012f7f4de3e131
I0620 09:50:17.655035 87113 vineyard_runner.cc:116] Delete session : S00012f7f4b0c3e7f
I0620 09:50:17.655144 87113 vineyard_runner.cc:104] Vineyard creates a new session with SessionID = S00012f7f5051f6c7
I0620 09:50:17.655241 87113 meta_service.h:136] meta service is starting ...
I0620 09:50:17.655640 87065 etcd_meta_service.cc:343] Watcher stopped, as cancelled: true
I0620 09:50:17.655997 87114 vineyard_runner.cc:116] Delete session : S00012f7f4de3e131
I0620 09:50:17.656935 87113 allocator.cc:69] shmax: 3220541440
W0620 09:50:17.656950 87113 allocator.cc:71] The 'size' is greater than the maximum shared memory size (3220541440)
W0620 09:50:17.657013 87113 allocator.cc:74] 
W0620 09:50:17.657030 87113 allocator.cc:75]     If you are inside a Docker container, please pass the argument '--shm-size' when 'docker run'.
W0620 09:50:17.657037 87113 allocator.cc:78] 
I0620 09:50:17.668493 87056 etcd_meta_service.cc:321] start background etcd watch, since 1046
I0620 09:50:17.674407 87056 meta_service.h:453] Decide to set rank as 0
I0620 09:50:17.674439 87056 meta_service.h:856] Instance join: 0
I0620 09:50:17.675099 87056 meta_service.h:856] Instance join: 0
I0620 09:50:17.680176 87056 ipc_server.cc:52] Vineyard will listen on "/tmp/vineyard.ci.1655689759.1717517.sock.S00012f7f5051f6c7" for IPC
I0620 09:50:17.680447 87114 socket_server.cc:61] No dependent objects, conn_id: 38, status: Invalid: connection not exist.
I0620 09:50:17.680635 87114 vineyard_runner.cc:104] Vineyard creates a new session with SessionID = S00012f7f535884db
I0620 09:50:17.680716 87114 meta_service.h:136] meta service is starting ...
I0620 09:50:17.684502 87114 allocator.cc:69] shmax: 3220541440
W0620 09:50:17.684526 87114 allocator.cc:71] The 'size' is greater than the maximum shared memory size (3220541440)
W0620 09:50:17.684564 87114 allocator.cc:74] 
W0620 09:50:17.684576 87114 allocator.cc:75]     If you are inside a Docker container, please pass the argument '--shm-size' when 'docker run'.
W0620 09:50:17.684590 87114 allocator.cc:78] 
I0620 09:50:17.691962 87056 etcd_meta_service.cc:321] start background etcd watch, since 1049
I0620 09:50:17.696496 87056 meta_service.h:453] Decide to set rank as 0
I0620 09:50:17.696540 87056 meta_service.h:856] Instance join: 0
I0620 09:50:17.699877 87056 meta_service.h:856] Instance join: 0
I0620 09:50:17.702095 87056 ipc_server.cc:52] Vineyard will listen on "/tmp/vineyard.ci.1655689759.1717517.sock.S00012f7f535884db" for IPC
I0620 09:50:17.702247 87113 socket_server.cc:61] No dependent objects, conn_id: 39, status: Invalid: connection not exist.
I0620 09:50:17.702332 87359 session_test.cc:95] Connected to IPCServer: /tmp/vineyard.ci.1655689759.1717517.sock.S00012f7f5051f6c7
I0620 09:50:17.703786 87359 session_test.cc:108] Passed session shallow copy test2 ...
I0620 09:50:17.703953 87359 session_test.cc:111] Closed session: /tmp/vineyard.ci.1655689759.1717517.sock.S00012f7f5051f6c7
I0620 09:50:17.704069 87359 session_test.cc:113] Closed session: /tmp/vineyard.ci.1655689759.1717517.sock.S00012f7f535884db
I0620 09:50:17.704165 87086 etcd_meta_service.cc:343] Watcher stopped, as cancelled: true
I0620 09:50:17.704425 87088 etcd_meta_service.cc:343] Watcher stopped, as cancelled: true
I0620 09:50:17.704782 87113 vineyard_runner.cc:116] Delete session : S00012f7f5051f6c7
I0620 09:50:17.704897 87114 vineyard_runner.cc:116] Delete session : S00012f7f535884db
I0620 09:50:17.704964 87113 vineyard_runner.cc:104] Vineyard creates a new session with SessionID = S00012f7f563c28fa
I0620 09:50:17.705073 87113 meta_service.h:136] meta service is starting ...
I0620 09:50:17.706426 87113 allocator.cc:69] shmax: 3220541440
W0620 09:50:17.706456 87113 allocator.cc:71] The 'size' is greater than the maximum shared memory size (3220541440)
W0620 09:50:17.706502 87113 allocator.cc:74] 
W0620 09:50:17.706511 87113 allocator.cc:75]     If you are inside a Docker container, please pass the argument '--shm-size' when 'docker run'.
W0620 09:50:17.706517 87113 allocator.cc:78] 
I0620 09:50:17.715353 87056 etcd_meta_service.cc:321] start background etcd watch, since 1052
I0620 09:50:17.719579 87056 meta_service.h:453] Decide to set rank as 0
I0620 09:50:17.719620 87056 meta_service.h:856] Instance join: 0
I0620 09:50:17.720657 87056 meta_service.h:856] Instance join: 0
I0620 09:50:17.721943 87056 ipc_server.cc:52] Vineyard will listen on "/tmp/vineyard.ci.1655689759.1717517.sock.S00012f7f563c28fa" for IPC
I0620 09:50:17.722093 87114 socket_server.cc:61] No dependent objects, conn_id: 40, status: Invalid: connection not exist.
I0620 09:50:17.722271 87114 vineyard_runner.cc:104] Vineyard creates a new session with SessionID = S00012f7f584a220b
I0620 09:50:17.722358 87114 meta_service.h:136] meta service is starting ...
I0620 09:50:17.723560 87114 allocator.cc:69] shmax: 3220541440
W0620 09:50:17.723573 87114 allocator.cc:71] The 'size' is greater than the maximum shared memory size (3220541440)
W0620 09:50:17.723587 87114 allocator.cc:74] 
W0620 09:50:17.723592 87114 allocator.cc:75]     If you are inside a Docker container, please pass the argument '--shm-size' when 'docker run'.
W0620 09:50:17.723598 87114 allocator.cc:78] 
I0620 09:50:17.733793 87056 etcd_meta_service.cc:321] start background etcd watch, since 1055
I0620 09:50:17.737471 87056 meta_service.h:453] Decide to set rank as 0
I0620 09:50:17.737500 87056 meta_service.h:856] Instance join: 0
I0620 09:50:17.739377 87056 ipc_server.cc:52] Vineyard will listen on "/tmp/vineyard.ci.1655689759.1717517.sock.S00012f7f584a220b" for IPC
I0620 09:50:17.739459 87056 meta_service.h:856] Instance join: 0
I0620 09:50:17.739694 87113 socket_server.cc:61] No dependent objects, conn_id: 41, status: Invalid: connection not exist.
I0620 09:50:17.739816 87359 session_test.cc:134] Connected to IPCServer: /tmp/vineyard.ci.1655689759.1717517.sock.S00012f7f563c28fa
I0620 09:50:17.740518 87359 session_test.cc:143] Passed session shallow copy test3 ...
I0620 09:50:17.740860 87113 socket_server.cc:61] No dependent objects, conn_id: 0, status: Invalid: connection not exist.
I0620 09:50:17.740782 87359 session_test.cc:146] Closed session: /tmp/vineyard.ci.1655689759.1717517.sock.S00012f7f563c28fa
I0620 09:50:17.740960 87359 session_test.cc:148] Closed session: /tmp/vineyard.ci.1655689759.1717517.sock.S00012f7f584a220b
I0620 09:50:17.741101 87071 etcd_meta_service.cc:343] Watcher stopped, as cancelled: true
I0620 09:50:17.741187 87114 vineyard_runner.cc:116] Delete session : S00012f7f563c28fa
I0620 09:50:17.741302 87073 etcd_meta_service.cc:343] Watcher stopped, as cancelled: true
I0620 09:50:17.741585 87114 vineyard_runner.cc:104] Vineyard creates a new session with SessionID = S00012f7f5a95396e
I0620 09:50:17.741653 87114 meta_service.h:136] meta service is starting ...
I0620 09:50:17.742568 87114 allocator.cc:69] shmax: 3220541440
W0620 09:50:17.742581 87114 allocator.cc:71] The 'size' is greater than the maximum shared memory size (3220541440)
W0620 09:50:17.742844 87114 allocator.cc:74] 
W0620 09:50:17.742856 87114 allocator.cc:75]     If you are inside a Docker container, please pass the argument '--shm-size' when 'docker run'.
W0620 09:50:17.742861 87114 allocator.cc:78] 
I0620 09:50:17.751555 87113 vineyard_runner.cc:116] Delete session : S00012f7f584a220b
I0620 09:50:17.751592 87056 etcd_meta_service.cc:321] start background etcd watch, since 1058
I0620 09:50:17.754421 87056 meta_service.h:453] Decide to set rank as 0
I0620 09:50:17.754449 87056 meta_service.h:856] Instance join: 0
I0620 09:50:17.755299 87056 meta_service.h:856] Instance join: 0
I0620 09:50:17.756647 87056 ipc_server.cc:52] Vineyard will listen on "/tmp/vineyard.ci.1655689759.1717517.sock.S00012f7f5a95396e" for IPC
I0620 09:50:17.756816 87114 socket_server.cc:61] No dependent objects, conn_id: 42, status: Invalid: connection not exist.
I0620 09:50:17.757344 87114 vineyard_runner.cc:104] Vineyard creates a new session with SessionID = S00012f7f5c742de6
I0620 09:50:17.757414 87114 meta_service.h:136] meta service is starting ...
I0620 09:50:17.758450 87114 allocator.cc:69] shmax: 3220541440
W0620 09:50:17.758461 87114 allocator.cc:71] The 'size' is greater than the maximum shared memory size (3220541440)
W0620 09:50:17.758486 87114 allocator.cc:74] 
W0620 09:50:17.758492 87114 allocator.cc:75]     If you are inside a Docker container, please pass the argument '--shm-size' when 'docker run'.
W0620 09:50:17.758498 87114 allocator.cc:78] 
I0620 09:50:17.768755 87056 etcd_meta_service.cc:321] start background etcd watch, since 1061
I0620 09:50:17.772405 87056 meta_service.h:453] Decide to set rank as 0
I0620 09:50:17.772436 87056 meta_service.h:856] Instance join: 0
I0620 09:50:17.787650 87056 ipc_server.cc:52] Vineyard will listen on "/tmp/vineyard.ci.1655689759.1717517.sock.S00012f7f5c742de6" for IPC
I0620 09:50:17.787760 87056 meta_service.h:856] Instance join: 0
I0620 09:50:17.788137 87113 socket_server.cc:61] No dependent objects, conn_id: 43, status: Invalid: connection not exist.
I0620 09:50:17.788405 87359 session_test.cc:155] Connected to IPCServer: /tmp/vineyard.ci.1655689759.1717517.sock.S00012f7f5a95396e
I0620 09:50:17.792299 87359 session_test.cc:163] Passed session shallow copy test4 ...
I0620 09:50:17.792637 87359 session_test.cc:166] Closed session: /tmp/vineyard.ci.1655689759.1717517.sock.S00012f7f5a95396e
I0620 09:50:17.793296 87098 etcd_meta_service.cc:343] Watcher stopped, as cancelled: true
I0620 09:50:17.793300 87359 session_test.cc:168] Closed session: /tmp/vineyard.ci.1655689759.1717517.sock.S00012f7f5c742de6
I0620 09:50:17.793962 87113 vineyard_runner.cc:116] Delete session : S00012f7f5a95396e
I0620 09:50:17.794103 87065 etcd_meta_service.cc:343] Watcher stopped, as cancelled: true
I0620 09:50:17.794323 87114 vineyard_runner.cc:116] Delete session : S00012f7f5c742de6
I0620 09:50:17.794786 87113 vineyard_runner.cc:104] Vineyard creates a new session with SessionID = S00012f7f60e5942b
I0620 09:50:17.794951 87113 meta_service.h:136] meta service is starting ...
I0620 09:50:17.799037 87113 allocator.cc:69] shmax: 3220541440
W0620 09:50:17.799109 87113 allocator.cc:71] The 'size' is greater than the maximum shared memory size (3220541440)
W0620 09:50:17.799129 87113 allocator.cc:74] 
W0620 09:50:17.799135 87113 allocator.cc:75]     If you are inside a Docker container, please pass the argument '--shm-size' when 'docker run'.
W0620 09:50:17.799142 87113 allocator.cc:78] 
I0620 09:50:17.811666 87056 etcd_meta_service.cc:321] start background etcd watch, since 1064
I0620 09:50:17.816681 87056 meta_service.h:453] Decide to set rank as 0
I0620 09:50:17.816723 87056 meta_service.h:856] Instance join: 0
I0620 09:50:17.818292 87056 meta_service.h:856] Instance join: 0
I0620 09:50:17.819734 87056 ipc_server.cc:52] Vineyard will listen on "/tmp/vineyard.ci.1655689759.1717517.sock.S00012f7f60e5942b" for IPC
I0620 09:50:17.820210 87113 socket_server.cc:61] No dependent objects, conn_id: 44, status: Invalid: connection not exist.
I0620 09:50:17.820394 87359 session_test.cc:174] Client1 connected to IPCServer: /tmp/vineyard.ci.1655689759.1717517.sock.S00012f7f60e5942b
I0620 09:50:17.820753 87114 vineyard_runner.cc:104] Vineyard creates a new session with SessionID = S00012f7f63fb5432
I0620 09:50:17.820936 87114 meta_service.h:136] meta service is starting ...
I0620 09:50:17.823164 87114 allocator.cc:69] shmax: 3220541440
W0620 09:50:17.823180 87114 allocator.cc:71] The 'size' is greater than the maximum shared memory size (3220541440)
W0620 09:50:17.823240 87114 allocator.cc:74] 
W0620 09:50:17.823249 87114 allocator.cc:75]     If you are inside a Docker container, please pass the argument '--shm-size' when 'docker run'.
W0620 09:50:17.823256 87114 allocator.cc:78] 
I0620 09:50:17.829493 87056 etcd_meta_service.cc:321] start background etcd watch, since 1067
I0620 09:50:17.838138 87056 meta_service.h:453] Decide to set rank as 0
I0620 09:50:17.838173 87056 meta_service.h:856] Instance join: 0
I0620 09:50:17.841925 87056 ipc_server.cc:52] Vineyard will listen on "/tmp/vineyard.ci.1655689759.1717517.sock.S00012f7f63fb5432" for IPC
I0620 09:50:17.842010 87056 meta_service.h:856] Instance join: 0
I0620 09:50:17.842298 87113 socket_server.cc:61] No dependent objects, conn_id: 45, status: Invalid: connection not exist.
I0620 09:50:17.842401 87359 session_test.cc:176] Client2 connected to IPCServer: /tmp/vineyard.ci.1655689759.1717517.sock.S00012f7f63fb5432
I0620 09:50:17.843951 87114 socket_server.cc:61] No dependent objects, conn_id: 0, status: Invalid: connection not exist.
I0620 09:50:17.843674 87359 session_test.cc:190] Passed session isolation test...
I0620 09:50:17.844156 87114 vineyard_runner.cc:104] Vineyard creates a new session with SessionID = S00012f7f66c2c920
I0620 09:50:17.844497 87114 meta_service.h:136] meta service is starting ...
I0620 09:50:17.848800 87114 allocator.cc:69] shmax: 3220541440
W0620 09:50:17.848834 87114 allocator.cc:71] The 'size' is greater than the maximum shared memory size (3220541440)
W0620 09:50:17.848865 87114 allocator.cc:74] 
W0620 09:50:17.848889 87114 allocator.cc:75]     If you are inside a Docker container, please pass the argument '--shm-size' when 'docker run'.
W0620 09:50:17.848896 87114 allocator.cc:78] 
I0620 09:50:17.856492 87056 etcd_meta_service.cc:321] start background etcd watch, since 1070
I0620 09:50:17.862855 87056 meta_service.h:453] Decide to set rank as 0
I0620 09:50:17.862922 87056 meta_service.h:856] Instance join: 0
I0620 09:50:17.865577 87056 meta_service.h:856] Instance join: 0
I0620 09:50:17.867298 87056 ipc_server.cc:52] Vineyard will listen on "/tmp/vineyard.ci.1655689759.1717517.sock.S00012f7f66c2c920" for IPC
I0620 09:50:17.867467 87113 socket_server.cc:61] No dependent objects, conn_id: 46, status: Invalid: connection not exist.
I0620 09:50:17.867554 87359 session_test.cc:200] Client1 connected to IPCServer: /tmp/vineyard.ci.1655689759.1717517.sock.S00012f7f66c2c920
I0620 09:50:17.867892 87114 socket_server.cc:61] No dependent objects, conn_id: 1, status: Invalid: connection not exist.
I0620 09:50:17.868105 87114 socket_server.cc:61] No dependent objects, conn_id: 0, status: Invalid: connection not exist.
[info] Connection to IPC socket failed for pathname  with ret = IOError: Cannot connect to : No such file or directory, retrying 10 more times.
I0620 09:50:17.868441 87114 vineyard_runner.cc:116] Delete session : S00012f7f66c2c920
I0620 09:50:17.868535 87098 etcd_meta_service.cc:343] Watcher stopped, as cancelled: true
[info] Connection to IPC socket failed for pathname  with ret = IOError: Cannot connect to : No such file or directory, retrying 9 more times.
[info] Connection to IPC socket failed for pathname  with ret = IOError: Cannot connect to : No such file or directory, retrying 8 more times.
[info] Connection to IPC socket failed for pathname  with ret = IOError: Cannot connect to : No such file or directory, retrying 7 more times.
[info] Connection to IPC socket failed for pathname  with ret = IOError: Cannot connect to : No such file or directory, retrying 6 more times.
[info] Connection to IPC socket failed for pathname  with ret = IOError: Cannot connect to : No such file or directory, retrying 5 more times.
[info] Connection to IPC socket failed for pathname  with ret = IOError: Cannot connect to : No such file or directory, retrying 4 more times.
[info] Connection to IPC socket failed for pathname  with ret = IOError: Cannot connect to : No such file or directory, retrying 3 more times.
[info] Connection to IPC socket failed for pathname  with ret = IOError: Cannot connect to : No such file or directory, retrying 2 more times.
[info] Connection to IPC socket failed for pathname  with ret = IOError: Cannot connect to : No such file or directory, retrying 1 more times.
I0620 09:50:27.877213 87359 session_test.cc:207] Passed session deletion test 1...
I0620 09:50:27.880177 87113 vineyard_runner.cc:104] Vineyard creates a new session with SessionID = S00012f840e58dbdf
I0620 09:50:27.880748 87113 meta_service.h:136] meta service is starting ...
I0620 09:50:27.882634 87113 allocator.cc:69] shmax: 3220541440
W0620 09:50:27.882663 87113 allocator.cc:71] The 'size' is greater than the maximum shared memory size (3220541440)
W0620 09:50:27.882699 87113 allocator.cc:74] 
W0620 09:50:27.882706 87113 allocator.cc:75]     If you are inside a Docker container, please pass the argument '--shm-size' when 'docker run'.
W0620 09:50:27.882714 87113 allocator.cc:78] 
I0620 09:50:27.890036 87056 etcd_meta_service.cc:321] start background etcd watch, since 1076
I0620 09:50:27.895767 87056 meta_service.h:453] Decide to set rank as 0
I0620 09:50:27.895830 87056 meta_service.h:856] Instance join: 0
I0620 09:50:27.901161 87056 ipc_server.cc:52] Vineyard will listen on "/tmp/vineyard.ci.1655689759.1717517.sock.S00012f840e58dbdf" for IPC
I0620 09:50:27.901314 87056 meta_service.h:856] Instance join: 0
I0620 09:50:27.901580 87114 socket_server.cc:61] No dependent objects, conn_id: 47, status: Invalid: connection not exist.
I0620 09:50:27.901669 87359 session_test.cc:213] Client[0] connected to IPCServer: /tmp/vineyard.ci.1655689759.1717517.sock.S00012f840e58dbdf
I0620 09:50:27.904130 87114 socket_server.cc:61] No dependent objects, conn_id: 0, status: Invalid: connection not exist.
I0620 09:50:27.904443 87113 socket_server.cc:61] No dependent objects, conn_id: 1, status: Invalid: connection not exist.
I0620 09:50:27.904908 87113 socket_server.cc:61] No dependent objects, conn_id: 2, status: Invalid: connection not exist.
I0620 09:50:27.905189 87114 socket_server.cc:61] No dependent objects, conn_id: 3, status: Invalid: connection not exist.
I0620 09:50:27.905428 87113 socket_server.cc:61] No dependent objects, conn_id: 4, status: Invalid: connection not exist.
I0620 09:50:27.905591 87114 socket_server.cc:61] No dependent objects, conn_id: 5, status: Invalid: connection not exist.
I0620 09:50:27.905869 87113 socket_server.cc:61] No dependent objects, conn_id: 6, status: Invalid: connection not exist.
I0620 09:50:27.906121 87113 socket_server.cc:61] No dependent objects, conn_id: 7, status: Invalid: connection not exist.
I0620 09:50:27.906643 87078 etcd_meta_service.cc:343] Watcher stopped, as cancelled: true
I0620 09:50:27.906929 87113 vineyard_runner.cc:116] Delete session : S00012f840e58dbdf
I0620 09:50:27.907032 87359 session_test.cc:225] Passed session deletion test 2...
running test case -*-*-*-*-*-  signature_test  -*-*-*-*-*-*-*-
running test case -*-*-*-*-*-  shallow_copy_test  -*-*-*-*-*-*-*-
WARNING: Logging before InitGoogleLogging() is written to STDERR
I0620 09:50:30.160355 87398 shallow_copy_test.cc:39] Connected to IPCServer: /tmp/vineyard.ci.1655689759.1717517.sock
I0620 09:50:30.192822 87398 shallow_copy_test.cc:66] Passed shallow copy tests...
running test case -*-*-*-*-*-  shared_memory_test  -*-*-*-*-*-*-*-
WARNING: Logging before InitGoogleLogging() is written to STDERR
I0620 09:50:31.337357 87408 shared_memory_test.cc:40] Connected to IPCServer: /tmp/vineyard.ci.1655689759.1717517.sock
I0620 09:50:31.338209 87408 shared_memory_test.cc:50] successfully sealed, o00012f85a8e56065 ...
I0620 09:50:31.338243 87408 shared_memory_test.cc:65] Passed shared memory tests...
running test case -*-*-*-*-*-  stream_test  -*-*-*-*-*-*-*-
WARNING: Logging before InitGoogleLogging() is written to STDERR
I0620 09:50:32.471202 87414 stream_test.cc:273] Connected to IPCServer: /tmp/vineyard.ci.1655689759.1717517.sock
I0620 09:50:43.514861 87416 stream_test.cc:65] status = Stream drain: Stream drained: no more chunks
I0620 09:50:43.515053 87414 stream_test.cc:280] Passed bytestream test...
E0620 09:50:43.518484 87113 socket_server.cc:822] Stream failed: Stream source failed
I0620 09:50:43.518683 87414 stream_test.cc:287] Passed failed bytestream test...
I0620 09:50:43.522265 87414 stream_test.cc:294] Passed empty bytestream test...
I0620 09:50:54.636931 87414 stream_test.cc:301] Passed recordbatch test...
I0620 09:50:54.637189 87414 stream_test.cc:307] Passed stream tests...
running test case -*-*-*-*-*-  tensor_test  -*-*-*-*-*-*-*-
WARNING: Logging before InitGoogleLogging() is written to STDERR
I0620 09:50:55.791651 87426 tensor_test.cc:39] Connected to IPCServer: /tmp/vineyard.ci.1655689759.1717517.sock
I0620 09:50:55.800395 87426 tensor_test.cc:58] Passed tensor tests...
running test case -*-*-*-*-*-  typename_test  -*-*-*-*-*-*-*-
WARNING: Logging before InitGoogleLogging() is written to STDERR
I0620 09:50:56.936758 87433 typename_test.cc:114] Passed typename tests...
running test case -*-*-*-*-*-  version_test  -*-*-*-*-*-*-*-
I0620 09:50:58.083926 87113 socket_server.cc:61] No dependent objects, conn_id: 56, status: Invalid: connection not exist.
WARNING: Logging before InitGoogleLogging() is written to STDERR
I0620 09:50:58.083842 87439 version_test.cc:38] Connected to IPCServer: /tmp/vineyard.ci.1655689759.1717517.sock
I0620 09:50:58.083890 87439 version_test.cc:42] Passed version tests...
I0620 09:50:59.094678 87113 socket_server.cc:61] No dependent objects, conn_id: 5, status: Invalid: connection not exist.
I0620 09:50:59.094786 87113 socket_server.cc:61] No dependent objects, conn_id: 6, status: Invalid: connection not exist.
I0620 09:50:59.094825 87113 socket_server.cc:61] No dependent objects, conn_id: 7, status: Invalid: connection not exist.
I0620 09:50:59.094856 87113 socket_server.cc:61] No dependent objects, conn_id: 8, status: Invalid: connection not exist.
I0620 09:50:59.094888 87113 socket_server.cc:61] No dependent objects, conn_id: 9, status: Invalid: connection not exist.
I0620 09:50:59.094920 87113 socket_server.cc:61] No dependent objects, conn_id: 10, status: Invalid: connection not exist.
I0620 09:50:59.094969 87113 socket_server.cc:61] No dependent objects, conn_id: 11, status: Invalid: connection not exist.
I0620 09:50:59.095022 87113 socket_server.cc:61] No dependent objects, conn_id: 12, status: Invalid: connection not exist.
I0620 09:50:59.095081 87113 socket_server.cc:61] No dependent objects, conn_id: 13, status: Invalid: connection not exist.
I0620 09:50:59.095113 87113 socket_server.cc:61] No dependent objects, conn_id: 14, status: Invalid: connection not exist.
I0620 09:50:59.095144 87113 socket_server.cc:61] No dependent objects, conn_id: 15, status: Invalid: connection not exist.
I0620 09:50:59.095177 87113 socket_server.cc:61] No dependent objects, conn_id: 16, status: Invalid: connection not exist.
I0620 09:50:59.095206 87113 socket_server.cc:61] No dependent objects, conn_id: 17, status: Invalid: connection not exist.
I0620 09:50:59.095237 87113 socket_server.cc:61] No dependent objects, conn_id: 18, status: Invalid: connection not exist.
I0620 09:50:59.095279 87113 socket_server.cc:61] No dependent objects, conn_id: 19, status: Invalid: connection not exist.
I0620 09:50:59.095310 87113 socket_server.cc:61] No dependent objects, conn_id: 20, status: Invalid: connection not exist.
I0620 09:50:59.095355 87113 socket_server.cc:61] No dependent objects, conn_id: 21, status: Invalid: connection not exist.
I0620 09:50:59.095444 87113 socket_server.cc:61] No dependent objects, conn_id: 22, status: Invalid: connection not exist.
I0620 09:50:59.095484 87113 socket_server.cc:61] No dependent objects, conn_id: 23, status: Invalid: connection not exist.
I0620 09:50:59.096444 87113 socket_server.cc:61] No dependent objects, conn_id: 24, status: Invalid: connection not exist.
I0620 09:50:59.097111 87113 socket_server.cc:61] No dependent objects, conn_id: 25, status: Invalid: connection not exist.
I0620 09:50:59.097151 87113 socket_server.cc:61] No dependent objects, conn_id: 26, status: Invalid: connection not exist.
I0620 09:50:59.097187 87113 socket_server.cc:61] No dependent objects, conn_id: 27, status: Invalid: connection not exist.
I0620 09:50:59.097215 87113 socket_server.cc:61] No dependent objects, conn_id: 28, status: Invalid: connection not exist.
I0620 09:50:59.097241 87113 socket_server.cc:61] No dependent objects, conn_id: 29, status: Invalid: connection not exist.
I0620 09:50:59.097270 87113 socket_server.cc:61] No dependent objects, conn_id: 30, status: Invalid: connection not exist.
Terminating /opt/v6d/test/../build/bin/vineyardd
I0620 09:50:59.097409 87056 vineyardd.cc:61] SIGTERM Signal received, stop vineyard server...
I0620 09:50:59.097694 87060 etcd_meta_service.cc:343] Watcher stopped, as cancelled: true
I0620 09:50:59.104655 87066 etcd_meta_service.cc:343] Watcher stopped, as cancelled: false
I0620 09:50:59.104696 87066 etcd_meta_service.cc:343] Watcher stopped, as cancelled: false
I0620 09:50:59.104704 87066 etcd_meta_service.cc:343] Watcher stopped, as cancelled: false
I0620 09:50:59.104920 87056 vineyard_runner.cc:116] Delete session : S0000000000000000
I0620 09:50:59.105115 87056 vineyard_runner.cc:116] Delete session : S00012f7f60e5942b
I0620 09:50:59.105208 87056 vineyard_runner.cc:116] Delete session : S00012f7f63fb5432
I0620 09:50:59.105439 87056 vineyard_runner.cc:116] Delete session : S00012f7f48b21dd8
